The system is: Linux - 4.19.87-27102101 - aarch64
Compiling the C compiler identification source file "CMakeCCompilerId.c" succeeded.
Compiler: /usr/bin/cc 
Build flags: 
Id flags:  

The output was:
0


Compilation of the C compiler identification source "CMakeCCompilerId.c" produced "a.out"

The C compiler identification is GNU, found in "/home/userland/v1/v2/sandbox/CMakeFiles/3.18.4/CompilerIdC/a.out"

Compiling the CXX compiler identification source file "CMakeCXXCompilerId.cpp" succeeded.
Compiler: /usr/bin/c++ 
Build flags: 
Id flags:  

The output was:
0


Compilation of the CXX compiler identification source "CMakeCXXCompilerId.cpp" produced "a.out"

The CXX compiler identification is GNU, found in "/home/userland/v1/v2/sandbox/CMakeFiles/3.18.4/CompilerIdCXX/a.out"

Detecting C compiler ABI info compiled with the following output:
Change Dir: /home/userland/v1/v2/sandbox/CMakeFiles/CMakeTmp

Run Build Command(s):/usr/bin/gmake cmTC_e9907/fast && /usr/bin/gmake  -f CMakeFiles/cmTC_e9907.dir/build.make CMakeFiles/cmTC_e9907.dir/build
gmake[1]: Entering directory '/home/userland/v1/v2/sandbox/CMakeFiles/CMakeTmp'
Building C object CMakeFiles/cmTC_e9907.dir/CMakeCCompilerABI.c.o
/usr/bin/cc   -v -o CMakeFiles/cmTC_e9907.dir/CMakeCCompilerABI.c.o -c /usr/share/cmake-3.18/Modules/CMakeCCompilerABI.c
Using built-in specs.
COLLECT_GCC=/usr/bin/cc
Target: aarch64-linux-gnu
Configured with: ../src/configure -v --with-pkgversion='Debian 10.2.1-6' --with-bugurl=file:///usr/share/doc/gcc-10/README.Bugs --enable-languages=c,ada,c++,go,d,fortran,objc,obj-c++,m2 --prefix=/usr --with-gcc-major-version-only --program-suffix=-10 --program-prefix=aarch64-linux-gnu- --enable-shared --enable-linker-build-id --libexecdir=/usr/lib --without-included-gettext --enable-threads=posix --libdir=/usr/lib --enable-nls --enable-bootstrap --enable-clocale=gnu --enable-libstdcxx-debug --enable-libstdcxx-time=yes --with-default-libstdcxx-abi=new --enable-gnu-unique-object --disable-libquadmath --disable-libquadmath-support --enable-plugin --enable-default-pie --with-system-zlib --enable-libphobos-checking=release --with-target-system-zlib=auto --enable-objc-gc=auto --enable-multiarch --enable-fix-cortex-a53-843419 --disable-werror --enable-checking=release --build=aarch64-linux-gnu --host=aarch64-linux-gnu --target=aarch64-linux-gnu --with-build-config=bootstrap-lto-lean --enable-link-mutex
Thread model: posix
Supported LTO compression algorithms: zlib zstd
gcc version 10.2.1 20210110 (Debian 10.2.1-6) 
COLLECT_GCC_OPTIONS='-v' '-o' 'CMakeFiles/cmTC_e9907.dir/CMakeCCompilerABI.c.o' '-c' '-mlittle-endian' '-mabi=lp64'
 /usr/lib/gcc/aarch64-linux-gnu/10/cc1 -quiet -v -imultiarch aarch64-linux-gnu /usr/share/cmake-3.18/Modules/CMakeCCompilerABI.c -quiet -dumpbase CMakeCCompilerABI.c -mlittle-endian -mabi=lp64 -auxbase-strip CMakeFiles/cmTC_e9907.dir/CMakeCCompilerABI.c.o -version -fasynchronous-unwind-tables -o /tmp/ccJ5JDoD.s
GNU C17 (Debian 10.2.1-6) version 10.2.1 20210110 (aarch64-linux-gnu)
	compiled by GNU C version 10.2.1 20210110, GMP version 6.2.1, MPFR version 4.1.0, MPC version 1.2.0, isl version isl-0.23-GMP

GGC heuristics: --param ggc-min-expand=100 --param ggc-min-heapsize=131072
ignoring nonexistent directory "/usr/local/include/aarch64-linux-gnu"
ignoring nonexistent directory "/usr/lib/gcc/aarch64-linux-gnu/10/include-fixed"
ignoring nonexistent directory "/usr/lib/gcc/aarch64-linux-gnu/10/../../../../aarch64-linux-gnu/include"
#include "..." search starts here:
#include <...> search starts here:
 /usr/lib/gcc/aarch64-linux-gnu/10/include
 /usr/local/include
 /usr/include/aarch64-linux-gnu
 /usr/include
End of search list.
GNU C17 (Debian 10.2.1-6) version 10.2.1 20210110 (aarch64-linux-gnu)
	compiled by GNU C version 10.2.1 20210110, GMP version 6.2.1, MPFR version 4.1.0, MPC version 1.2.0, isl version isl-0.23-GMP

GGC heuristics: --param ggc-min-expand=100 --param ggc-min-heapsize=131072
Compiler executable checksum: 09f7dee817ee0ac81dbfe2e711a5f862
COLLECT_GCC_OPTIONS='-v' '-o' 'CMakeFiles/cmTC_e9907.dir/CMakeCCompilerABI.c.o' '-c' '-mlittle-endian' '-mabi=lp64'
 as -v -EL -mabi=lp64 -o CMakeFiles/cmTC_e9907.dir/CMakeCCompilerABI.c.o /tmp/ccJ5JDoD.s
GNU assembler version 2.35.2 (aarch64-linux-gnu) using BFD version (GNU Binutils for Debian) 2.35.2
COMPILER_PATH=/usr/lib/gcc/aarch64-linux-gnu/10/:/usr/lib/gcc/aarch64-linux-gnu/10/:/usr/lib/gcc/aarch64-linux-gnu/:/usr/lib/gcc/aarch64-linux-gnu/10/:/usr/lib/gcc/aarch64-linux-gnu/
LIBRARY_PATH=/usr/lib/gcc/aarch64-linux-gnu/10/:/usr/lib/gcc/aarch64-linux-gnu/10/../../../aarch64-linux-gnu/:/usr/lib/gcc/aarch64-linux-gnu/10/../../../../lib/:/lib/aarch64-linux-gnu/:/lib/../lib/:/usr/lib/aarch64-linux-gnu/:/usr/lib/../lib/:/usr/lib/gcc/aarch64-linux-gnu/10/../../../:/lib/:/usr/lib/
COLLECT_GCC_OPTIONS='-v' '-o' 'CMakeFiles/cmTC_e9907.dir/CMakeCCompilerABI.c.o' '-c' '-mlittle-endian' '-mabi=lp64'
Linking C executable cmTC_e9907
/usr/bin/cmake -E cmake_link_script CMakeFiles/cmTC_e9907.dir/link.txt --verbose=1
/usr/bin/cc  -v CMakeFiles/cmTC_e9907.dir/CMakeCCompilerABI.c.o -o cmTC_e9907 
Using built-in specs.
COLLECT_GCC=/usr/bin/cc
COLLECT_LTO_WRAPPER=/usr/lib/gcc/aarch64-linux-gnu/10/lto-wrapper
Target: aarch64-linux-gnu
Configured with: ../src/configure -v --with-pkgversion='Debian 10.2.1-6' --with-bugurl=file:///usr/share/doc/gcc-10/README.Bugs --enable-languages=c,ada,c++,go,d,fortran,objc,obj-c++,m2 --prefix=/usr --with-gcc-major-version-only --program-suffix=-10 --program-prefix=aarch64-linux-gnu- --enable-shared --enable-linker-build-id --libexecdir=/usr/lib --without-included-gettext --enable-threads=posix --libdir=/usr/lib --enable-nls --enable-bootstrap --enable-clocale=gnu --enable-libstdcxx-debug --enable-libstdcxx-time=yes --with-default-libstdcxx-abi=new --enable-gnu-unique-object --disable-libquadmath --disable-libquadmath-support --enable-plugin --enable-default-pie --with-system-zlib --enable-libphobos-checking=release --with-target-system-zlib=auto --enable-objc-gc=auto --enable-multiarch --enable-fix-cortex-a53-843419 --disable-werror --enable-checking=release --build=aarch64-linux-gnu --host=aarch64-linux-gnu --target=aarch64-linux-gnu --with-build-config=bootstrap-lto-lean --enable-link-mutex
Thread model: posix
Supported LTO compression algorithms: zlib zstd
gcc version 10.2.1 20210110 (Debian 10.2.1-6) 
COMPILER_PATH=/usr/lib/gcc/aarch64-linux-gnu/10/:/usr/lib/gcc/aarch64-linux-gnu/10/:/usr/lib/gcc/aarch64-linux-gnu/:/usr/lib/gcc/aarch64-linux-gnu/10/:/usr/lib/gcc/aarch64-linux-gnu/
LIBRARY_PATH=/usr/lib/gcc/aarch64-linux-gnu/10/:/usr/lib/gcc/aarch64-linux-gnu/10/../../../aarch64-linux-gnu/:/usr/lib/gcc/aarch64-linux-gnu/10/../../../../lib/:/lib/aarch64-linux-gnu/:/lib/../lib/:/usr/lib/aarch64-linux-gnu/:/usr/lib/../lib/:/usr/lib/gcc/aarch64-linux-gnu/10/../../../:/lib/:/usr/lib/
COLLECT_GCC_OPTIONS='-v' '-o' 'cmTC_e9907' '-mlittle-endian' '-mabi=lp64'
 /usr/lib/gcc/aarch64-linux-gnu/10/collect2 -plugin /usr/lib/gcc/aarch64-linux-gnu/10/liblto_plugin.so -plugin-opt=/usr/lib/gcc/aarch64-linux-gnu/10/lto-wrapper -plugin-opt=-fresolution=/tmp/ccxoc4Q7.res -plugin-opt=-pass-through=-lgcc -plugin-opt=-pass-through=-lgcc_s -plugin-opt=-pass-through=-lc -plugin-opt=-pass-through=-lgcc -plugin-opt=-pass-through=-lgcc_s --build-id --eh-frame-hdr --hash-style=gnu --as-needed -dynamic-linker /lib/ld-linux-aarch64.so.1 -X -EL -maarch64linux --fix-cortex-a53-843419 -pie -o cmTC_e9907 /usr/lib/gcc/aarch64-linux-gnu/10/../../../aarch64-linux-gnu/Scrt1.o /usr/lib/gcc/aarch64-linux-gnu/10/../../../aarch64-linux-gnu/crti.o /usr/lib/gcc/aarch64-linux-gnu/10/crtbeginS.o -L/usr/lib/gcc/aarch64-linux-gnu/10 -L/usr/lib/gcc/aarch64-linux-gnu/10/../../../aarch64-linux-gnu -L/usr/lib/gcc/aarch64-linux-gnu/10/../../../../lib -L/lib/aarch64-linux-gnu -L/lib/../lib -L/usr/lib/aarch64-linux-gnu -L/usr/lib/../lib -L/usr/lib/gcc/aarch64-linux-gnu/10/../../.. CMakeFiles/cmTC_e9907.dir/CMakeCCompilerABI.c.o -lgcc --push-state --as-needed -lgcc_s --pop-state -lc -lgcc --push-state --as-needed -lgcc_s --pop-state /usr/lib/gcc/aarch64-linux-gnu/10/crtendS.o /usr/lib/gcc/aarch64-linux-gnu/10/../../../aarch64-linux-gnu/crtn.o
COLLECT_GCC_OPTIONS='-v' '-o' 'cmTC_e9907' '-mlittle-endian' '-mabi=lp64'
gmake[1]: Leaving directory '/home/userland/v1/v2/sandbox/CMakeFiles/CMakeTmp'



Parsed C implicit include dir info from above output: rv=done
  found start of include info
  found start of implicit include info
    add: [/usr/lib/gcc/aarch64-linux-gnu/10/include]
    add: [/usr/local/include]
    add: [/usr/include/aarch64-linux-gnu]
    add: [/usr/include]
  end of search list found
  collapse include dir [/usr/lib/gcc/aarch64-linux-gnu/10/include] ==> [/usr/lib/gcc/aarch64-linux-gnu/10/include]
  collapse include dir [/usr/local/include] ==> [/usr/local/include]
  collapse include dir [/usr/include/aarch64-linux-gnu] ==> [/usr/include/aarch64-linux-gnu]
  collapse include dir [/usr/include] ==> [/usr/include]
  implicit include dirs: [/usr/lib/gcc/aarch64-linux-gnu/10/include;/usr/local/include;/usr/include/aarch64-linux-gnu;/usr/include]


Parsed C implicit link information from above output:
  link line regex: [^( *|.*[/\])(ld|CMAKE_LINK_STARTFILE-NOTFOUND|([^/\]+-)?ld|collect2)[^/\]*( |$)]
  ignore line: [Change Dir: /home/userland/v1/v2/sandbox/CMakeFiles/CMakeTmp]
  ignore line: []
  ignore line: [Run Build Command(s):/usr/bin/gmake cmTC_e9907/fast && /usr/bin/gmake  -f CMakeFiles/cmTC_e9907.dir/build.make CMakeFiles/cmTC_e9907.dir/build]
  ignore line: [gmake[1]: Entering directory '/home/userland/v1/v2/sandbox/CMakeFiles/CMakeTmp']
  ignore line: [Building C object CMakeFiles/cmTC_e9907.dir/CMakeCCompilerABI.c.o]
  ignore line: [/usr/bin/cc   -v -o CMakeFiles/cmTC_e9907.dir/CMakeCCompilerABI.c.o -c /usr/share/cmake-3.18/Modules/CMakeCCompilerABI.c]
  ignore line: [Using built-in specs.]
  ignore line: [COLLECT_GCC=/usr/bin/cc]
  ignore line: [Target: aarch64-linux-gnu]
  ignore line: [Configured with: ../src/configure -v --with-pkgversion='Debian 10.2.1-6' --with-bugurl=file:///usr/share/doc/gcc-10/README.Bugs --enable-languages=c ada c++ go d fortran objc obj-c++ m2 --prefix=/usr --with-gcc-major-version-only --program-suffix=-10 --program-prefix=aarch64-linux-gnu- --enable-shared --enable-linker-build-id --libexecdir=/usr/lib --without-included-gettext --enable-threads=posix --libdir=/usr/lib --enable-nls --enable-bootstrap --enable-clocale=gnu --enable-libstdcxx-debug --enable-libstdcxx-time=yes --with-default-libstdcxx-abi=new --enable-gnu-unique-object --disable-libquadmath --disable-libquadmath-support --enable-plugin --enable-default-pie --with-system-zlib --enable-libphobos-checking=release --with-target-system-zlib=auto --enable-objc-gc=auto --enable-multiarch --enable-fix-cortex-a53-843419 --disable-werror --enable-checking=release --build=aarch64-linux-gnu --host=aarch64-linux-gnu --target=aarch64-linux-gnu --with-build-config=bootstrap-lto-lean --enable-link-mutex]
  ignore line: [Thread model: posix]
  ignore line: [Supported LTO compression algorithms: zlib zstd]
  ignore line: [gcc version 10.2.1 20210110 (Debian 10.2.1-6) ]
  ignore line: [COLLECT_GCC_OPTIONS='-v' '-o' 'CMakeFiles/cmTC_e9907.dir/CMakeCCompilerABI.c.o' '-c' '-mlittle-endian' '-mabi=lp64']
  ignore line: [ /usr/lib/gcc/aarch64-linux-gnu/10/cc1 -quiet -v -imultiarch aarch64-linux-gnu /usr/share/cmake-3.18/Modules/CMakeCCompilerABI.c -quiet -dumpbase CMakeCCompilerABI.c -mlittle-endian -mabi=lp64 -auxbase-strip CMakeFiles/cmTC_e9907.dir/CMakeCCompilerABI.c.o -version -fasynchronous-unwind-tables -o /tmp/ccJ5JDoD.s]
  ignore line: [GNU C17 (Debian 10.2.1-6) version 10.2.1 20210110 (aarch64-linux-gnu)]
  ignore line: [	compiled by GNU C version 10.2.1 20210110  GMP version 6.2.1  MPFR version 4.1.0  MPC version 1.2.0  isl version isl-0.23-GMP]
  ignore line: []
  ignore line: [GGC heuristics: --param ggc-min-expand=100 --param ggc-min-heapsize=131072]
  ignore line: [ignoring nonexistent directory "/usr/local/include/aarch64-linux-gnu"]
  ignore line: [ignoring nonexistent directory "/usr/lib/gcc/aarch64-linux-gnu/10/include-fixed"]
  ignore line: [ignoring nonexistent directory "/usr/lib/gcc/aarch64-linux-gnu/10/../../../../aarch64-linux-gnu/include"]
  ignore line: [#include "..." search starts here:]
  ignore line: [#include <...> search starts here:]
  ignore line: [ /usr/lib/gcc/aarch64-linux-gnu/10/include]
  ignore line: [ /usr/local/include]
  ignore line: [ /usr/include/aarch64-linux-gnu]
  ignore line: [ /usr/include]
  ignore line: [End of search list.]
  ignore line: [GNU C17 (Debian 10.2.1-6) version 10.2.1 20210110 (aarch64-linux-gnu)]
  ignore line: [	compiled by GNU C version 10.2.1 20210110  GMP version 6.2.1  MPFR version 4.1.0  MPC version 1.2.0  isl version isl-0.23-GMP]
  ignore line: []
  ignore line: [GGC heuristics: --param ggc-min-expand=100 --param ggc-min-heapsize=131072]
  ignore line: [Compiler executable checksum: 09f7dee817ee0ac81dbfe2e711a5f862]
  ignore line: [COLLECT_GCC_OPTIONS='-v' '-o' 'CMakeFiles/cmTC_e9907.dir/CMakeCCompilerABI.c.o' '-c' '-mlittle-endian' '-mabi=lp64']
  ignore line: [ as -v -EL -mabi=lp64 -o CMakeFiles/cmTC_e9907.dir/CMakeCCompilerABI.c.o /tmp/ccJ5JDoD.s]
  ignore line: [GNU assembler version 2.35.2 (aarch64-linux-gnu) using BFD version (GNU Binutils for Debian) 2.35.2]
  ignore line: [COMPILER_PATH=/usr/lib/gcc/aarch64-linux-gnu/10/:/usr/lib/gcc/aarch64-linux-gnu/10/:/usr/lib/gcc/aarch64-linux-gnu/:/usr/lib/gcc/aarch64-linux-gnu/10/:/usr/lib/gcc/aarch64-linux-gnu/]
  ignore line: [LIBRARY_PATH=/usr/lib/gcc/aarch64-linux-gnu/10/:/usr/lib/gcc/aarch64-linux-gnu/10/../../../aarch64-linux-gnu/:/usr/lib/gcc/aarch64-linux-gnu/10/../../../../lib/:/lib/aarch64-linux-gnu/:/lib/../lib/:/usr/lib/aarch64-linux-gnu/:/usr/lib/../lib/:/usr/lib/gcc/aarch64-linux-gnu/10/../../../:/lib/:/usr/lib/]
  ignore line: [COLLECT_GCC_OPTIONS='-v' '-o' 'CMakeFiles/cmTC_e9907.dir/CMakeCCompilerABI.c.o' '-c' '-mlittle-endian' '-mabi=lp64']
  ignore line: [Linking C executable cmTC_e9907]
  ignore line: [/usr/bin/cmake -E cmake_link_script CMakeFiles/cmTC_e9907.dir/link.txt --verbose=1]
  ignore line: [/usr/bin/cc  -v CMakeFiles/cmTC_e9907.dir/CMakeCCompilerABI.c.o -o cmTC_e9907 ]
  ignore line: [Using built-in specs.]
  ignore line: [COLLECT_GCC=/usr/bin/cc]
  ignore line: [COLLECT_LTO_WRAPPER=/usr/lib/gcc/aarch64-linux-gnu/10/lto-wrapper]
  ignore line: [Target: aarch64-linux-gnu]
  ignore line: [Configured with: ../src/configure -v --with-pkgversion='Debian 10.2.1-6' --with-bugurl=file:///usr/share/doc/gcc-10/README.Bugs --enable-languages=c ada c++ go d fortran objc obj-c++ m2 --prefix=/usr --with-gcc-major-version-only --program-suffix=-10 --program-prefix=aarch64-linux-gnu- --enable-shared --enable-linker-build-id --libexecdir=/usr/lib --without-included-gettext --enable-threads=posix --libdir=/usr/lib --enable-nls --enable-bootstrap --enable-clocale=gnu --enable-libstdcxx-debug --enable-libstdcxx-time=yes --with-default-libstdcxx-abi=new --enable-gnu-unique-object --disable-libquadmath --disable-libquadmath-support --enable-plugin --enable-default-pie --with-system-zlib --enable-libphobos-checking=release --with-target-system-zlib=auto --enable-objc-gc=auto --enable-multiarch --enable-fix-cortex-a53-843419 --disable-werror --enable-checking=release --build=aarch64-linux-gnu --host=aarch64-linux-gnu --target=aarch64-linux-gnu --with-build-config=bootstrap-lto-lean --enable-link-mutex]
  ignore line: [Thread model: posix]
  ignore line: [Supported LTO compression algorithms: zlib zstd]
  ignore line: [gcc version 10.2.1 20210110 (Debian 10.2.1-6) ]
  ignore line: [COMPILER_PATH=/usr/lib/gcc/aarch64-linux-gnu/10/:/usr/lib/gcc/aarch64-linux-gnu/10/:/usr/lib/gcc/aarch64-linux-gnu/:/usr/lib/gcc/aarch64-linux-gnu/10/:/usr/lib/gcc/aarch64-linux-gnu/]
  ignore line: [LIBRARY_PATH=/usr/lib/gcc/aarch64-linux-gnu/10/:/usr/lib/gcc/aarch64-linux-gnu/10/../../../aarch64-linux-gnu/:/usr/lib/gcc/aarch64-linux-gnu/10/../../../../lib/:/lib/aarch64-linux-gnu/:/lib/../lib/:/usr/lib/aarch64-linux-gnu/:/usr/lib/../lib/:/usr/lib/gcc/aarch64-linux-gnu/10/../../../:/lib/:/usr/lib/]
  ignore line: [COLLECT_GCC_OPTIONS='-v' '-o' 'cmTC_e9907' '-mlittle-endian' '-mabi=lp64']
  link line: [ /usr/lib/gcc/aarch64-linux-gnu/10/collect2 -plugin /usr/lib/gcc/aarch64-linux-gnu/10/liblto_plugin.so -plugin-opt=/usr/lib/gcc/aarch64-linux-gnu/10/lto-wrapper -plugin-opt=-fresolution=/tmp/ccxoc4Q7.res -plugin-opt=-pass-through=-lgcc -plugin-opt=-pass-through=-lgcc_s -plugin-opt=-pass-through=-lc -plugin-opt=-pass-through=-lgcc -plugin-opt=-pass-through=-lgcc_s --build-id --eh-frame-hdr --hash-style=gnu --as-needed -dynamic-linker /lib/ld-linux-aarch64.so.1 -X -EL -maarch64linux --fix-cortex-a53-843419 -pie -o cmTC_e9907 /usr/lib/gcc/aarch64-linux-gnu/10/../../../aarch64-linux-gnu/Scrt1.o /usr/lib/gcc/aarch64-linux-gnu/10/../../../aarch64-linux-gnu/crti.o /usr/lib/gcc/aarch64-linux-gnu/10/crtbeginS.o -L/usr/lib/gcc/aarch64-linux-gnu/10 -L/usr/lib/gcc/aarch64-linux-gnu/10/../../../aarch64-linux-gnu -L/usr/lib/gcc/aarch64-linux-gnu/10/../../../../lib -L/lib/aarch64-linux-gnu -L/lib/../lib -L/usr/lib/aarch64-linux-gnu -L/usr/lib/../lib -L/usr/lib/gcc/aarch64-linux-gnu/10/../../.. CMakeFiles/cmTC_e9907.dir/CMakeCCompilerABI.c.o -lgcc --push-state --as-needed -lgcc_s --pop-state -lc -lgcc --push-state --as-needed -lgcc_s --pop-state /usr/lib/gcc/aarch64-linux-gnu/10/crtendS.o /usr/lib/gcc/aarch64-linux-gnu/10/../../../aarch64-linux-gnu/crtn.o]
    arg [/usr/lib/gcc/aarch64-linux-gnu/10/collect2] ==> ignore
    arg [-plugin] ==> ignore
    arg [/usr/lib/gcc/aarch64-linux-gnu/10/liblto_plugin.so] ==> ignore
    arg [-plugin-opt=/usr/lib/gcc/aarch64-linux-gnu/10/lto-wrapper] ==> ignore
    arg [-plugin-opt=-fresolution=/tmp/ccxoc4Q7.res] ==> ignore
    arg [-plugin-opt=-pass-through=-lgcc] ==> ignore
    arg [-plugin-opt=-pass-through=-lgcc_s] ==> ignore
    arg [-plugin-opt=-pass-through=-lc] ==> ignore
    arg [-plugin-opt=-pass-through=-lgcc] ==> ignore
    arg [-plugin-opt=-pass-through=-lgcc_s] ==> ignore
    arg [--build-id] ==> ignore
    arg [--eh-frame-hdr] ==> ignore
    arg [--hash-style=gnu] ==> ignore
    arg [--as-needed] ==> ignore
    arg [-dynamic-linker] ==> ignore
    arg [/lib/ld-linux-aarch64.so.1] ==> ignore
    arg [-X] ==> ignore
    arg [-EL] ==> ignore
    arg [-maarch64linux] ==> ignore
    arg [--fix-cortex-a53-843419] ==> ignore
    arg [-pie] ==> ignore
    arg [-o] ==> ignore
    arg [cmTC_e9907] ==> ignore
    arg [/usr/lib/gcc/aarch64-linux-gnu/10/../../../aarch64-linux-gnu/Scrt1.o] ==> ignore
    arg [/usr/lib/gcc/aarch64-linux-gnu/10/../../../aarch64-linux-gnu/crti.o] ==> ignore
    arg [/usr/lib/gcc/aarch64-linux-gnu/10/crtbeginS.o] ==> ignore
    arg [-L/usr/lib/gcc/aarch64-linux-gnu/10] ==> dir [/usr/lib/gcc/aarch64-linux-gnu/10]
    arg [-L/usr/lib/gcc/aarch64-linux-gnu/10/../../../aarch64-linux-gnu] ==> dir [/usr/lib/gcc/aarch64-linux-gnu/10/../../../aarch64-linux-gnu]
    arg [-L/usr/lib/gcc/aarch64-linux-gnu/10/../../../../lib] ==> dir [/usr/lib/gcc/aarch64-linux-gnu/10/../../../../lib]
    arg [-L/lib/aarch64-linux-gnu] ==> dir [/lib/aarch64-linux-gnu]
    arg [-L/lib/../lib] ==> dir [/lib/../lib]
    arg [-L/usr/lib/aarch64-linux-gnu] ==> dir [/usr/lib/aarch64-linux-gnu]
    arg [-L/usr/lib/../lib] ==> dir [/usr/lib/../lib]
    arg [-L/usr/lib/gcc/aarch64-linux-gnu/10/../../..] ==> dir [/usr/lib/gcc/aarch64-linux-gnu/10/../../..]
    arg [CMakeFiles/cmTC_e9907.dir/CMakeCCompilerABI.c.o] ==> ignore
    arg [-lgcc] ==> lib [gcc]
    arg [--push-state] ==> ignore
    arg [--as-needed] ==> ignore
    arg [-lgcc_s] ==> lib [gcc_s]
    arg [--pop-state] ==> ignore
    arg [-lc] ==> lib [c]
    arg [-lgcc] ==> lib [gcc]
    arg [--push-state] ==> ignore
    arg [--as-needed] ==> ignore
    arg [-lgcc_s] ==> lib [gcc_s]
    arg [--pop-state] ==> ignore
    arg [/usr/lib/gcc/aarch64-linux-gnu/10/crtendS.o] ==> ignore
    arg [/usr/lib/gcc/aarch64-linux-gnu/10/../../../aarch64-linux-gnu/crtn.o] ==> ignore
  collapse library dir [/usr/lib/gcc/aarch64-linux-gnu/10] ==> [/usr/lib/gcc/aarch64-linux-gnu/10]
  collapse library dir [/usr/lib/gcc/aarch64-linux-gnu/10/../../../aarch64-linux-gnu] ==> [/usr/lib/aarch64-linux-gnu]
  collapse library dir [/usr/lib/gcc/aarch64-linux-gnu/10/../../../../lib] ==> [/usr/lib]
  collapse library dir [/lib/aarch64-linux-gnu] ==> [/lib/aarch64-linux-gnu]
  collapse library dir [/lib/../lib] ==> [/lib]
  collapse library dir [/usr/lib/aarch64-linux-gnu] ==> [/usr/lib/aarch64-linux-gnu]
  collapse library dir [/usr/lib/../lib] ==> [/usr/lib]
  collapse library dir [/usr/lib/gcc/aarch64-linux-gnu/10/../../..] ==> [/usr/lib]
  implicit libs: [gcc;gcc_s;c;gcc;gcc_s]
  implicit dirs: [/usr/lib/gcc/aarch64-linux-gnu/10;/usr/lib/aarch64-linux-gnu;/usr/lib;/lib/aarch64-linux-gnu;/lib]
  implicit fwks: []


Detecting CXX compiler ABI info compiled with the following output:
Change Dir: /home/userland/v1/v2/sandbox/CMakeFiles/CMakeTmp

Run Build Command(s):/usr/bin/gmake cmTC_5b67d/fast && /usr/bin/gmake  -f CMakeFiles/cmTC_5b67d.dir/build.make CMakeFiles/cmTC_5b67d.dir/build
gmake[1]: Entering directory '/home/userland/v1/v2/sandbox/CMakeFiles/CMakeTmp'
Building CXX object CMakeFiles/cmTC_5b67d.dir/CMakeCXXCompilerABI.cpp.o
/usr/bin/c++   -v -o CMakeFiles/cmTC_5b67d.dir/CMakeCXXCompilerABI.cpp.o -c /usr/share/cmake-3.18/Modules/CMakeCXXCompilerABI.cpp
Using built-in specs.
COLLECT_GCC=/usr/bin/c++
Target: aarch64-linux-gnu
Configured with: ../src/configure -v --with-pkgversion='Debian 10.2.1-6' --with-bugurl=file:///usr/share/doc/gcc-10/README.Bugs --enable-languages=c,ada,c++,go,d,fortran,objc,obj-c++,m2 --prefix=/usr --with-gcc-major-version-only --program-suffix=-10 --program-prefix=aarch64-linux-gnu- --enable-shared --enable-linker-build-id --libexecdir=/usr/lib --without-included-gettext --enable-threads=posix --libdir=/usr/lib --enable-nls --enable-bootstrap --enable-clocale=gnu --enable-libstdcxx-debug --enable-libstdcxx-time=yes --with-default-libstdcxx-abi=new --enable-gnu-unique-object --disable-libquadmath --disable-libquadmath-support --enable-plugin --enable-default-pie --with-system-zlib --enable-libphobos-checking=release --with-target-system-zlib=auto --enable-objc-gc=auto --enable-multiarch --enable-fix-cortex-a53-843419 --disable-werror --enable-checking=release --build=aarch64-linux-gnu --host=aarch64-linux-gnu --target=aarch64-linux-gnu --with-build-config=bootstrap-lto-lean --enable-link-mutex
Thread model: posix
Supported LTO compression algorithms: zlib zstd
gcc version 10.2.1 20210110 (Debian 10.2.1-6) 
COLLECT_GCC_OPTIONS='-v' '-o' 'CMakeFiles/cmTC_5b67d.dir/CMakeCXXCompilerABI.cpp.o' '-c' '-shared-libgcc' '-mlittle-endian' '-mabi=lp64'
 /usr/lib/gcc/aarch64-linux-gnu/10/cc1plus -quiet -v -imultiarch aarch64-linux-gnu -D_GNU_SOURCE /usr/share/cmake-3.18/Modules/CMakeCXXCompilerABI.cpp -quiet -dumpbase CMakeCXXCompilerABI.cpp -mlittle-endian -mabi=lp64 -auxbase-strip CMakeFiles/cmTC_5b67d.dir/CMakeCXXCompilerABI.cpp.o -version -fasynchronous-unwind-tables -o /tmp/ccgoOtHB.s
GNU C++14 (Debian 10.2.1-6) version 10.2.1 20210110 (aarch64-linux-gnu)
	compiled by GNU C version 10.2.1 20210110, GMP version 6.2.1, MPFR version 4.1.0, MPC version 1.2.0, isl version isl-0.23-GMP

GGC heuristics: --param ggc-min-expand=100 --param ggc-min-heapsize=131072
ignoring duplicate directory "/usr/include/aarch64-linux-gnu/c++/10"
ignoring nonexistent directory "/usr/local/include/aarch64-linux-gnu"
ignoring nonexistent directory "/usr/lib/gcc/aarch64-linux-gnu/10/include-fixed"
ignoring nonexistent directory "/usr/lib/gcc/aarch64-linux-gnu/10/../../../../aarch64-linux-gnu/include"
#include "..." search starts here:
#include <...> search starts here:
 /usr/include/c++/10
 /usr/include/aarch64-linux-gnu/c++/10
 /usr/include/c++/10/backward
 /usr/lib/gcc/aarch64-linux-gnu/10/include
 /usr/local/include
 /usr/include/aarch64-linux-gnu
 /usr/include
End of search list.
GNU C++14 (Debian 10.2.1-6) version 10.2.1 20210110 (aarch64-linux-gnu)
	compiled by GNU C version 10.2.1 20210110, GMP version 6.2.1, MPFR version 4.1.0, MPC version 1.2.0, isl version isl-0.23-GMP

GGC heuristics: --param ggc-min-expand=100 --param ggc-min-heapsize=131072
Compiler executable checksum: 7ff9b3e77ba341f92c3fc11acba5d5f9
COLLECT_GCC_OPTIONS='-v' '-o' 'CMakeFiles/cmTC_5b67d.dir/CMakeCXXCompilerABI.cpp.o' '-c' '-shared-libgcc' '-mlittle-endian' '-mabi=lp64'
 as -v -EL -mabi=lp64 -o CMakeFiles/cmTC_5b67d.dir/CMakeCXXCompilerABI.cpp.o /tmp/ccgoOtHB.s
GNU assembler version 2.35.2 (aarch64-linux-gnu) using BFD version (GNU Binutils for Debian) 2.35.2
COMPILER_PATH=/usr/lib/gcc/aarch64-linux-gnu/10/:/usr/lib/gcc/aarch64-linux-gnu/10/:/usr/lib/gcc/aarch64-linux-gnu/:/usr/lib/gcc/aarch64-linux-gnu/10/:/usr/lib/gcc/aarch64-linux-gnu/
LIBRARY_PATH=/usr/lib/gcc/aarch64-linux-gnu/10/:/usr/lib/gcc/aarch64-linux-gnu/10/../../../aarch64-linux-gnu/:/usr/lib/gcc/aarch64-linux-gnu/10/../../../../lib/:/lib/aarch64-linux-gnu/:/lib/../lib/:/usr/lib/aarch64-linux-gnu/:/usr/lib/../lib/:/usr/lib/gcc/aarch64-linux-gnu/10/../../../:/lib/:/usr/lib/
COLLECT_GCC_OPTIONS='-v' '-o' 'CMakeFiles/cmTC_5b67d.dir/CMakeCXXCompilerABI.cpp.o' '-c' '-shared-libgcc' '-mlittle-endian' '-mabi=lp64'
Linking CXX executable cmTC_5b67d
/usr/bin/cmake -E cmake_link_script CMakeFiles/cmTC_5b67d.dir/link.txt --verbose=1
/usr/bin/c++  -v CMakeFiles/cmTC_5b67d.dir/CMakeCXXCompilerABI.cpp.o -o cmTC_5b67d 
Using built-in specs.
COLLECT_GCC=/usr/bin/c++
COLLECT_LTO_WRAPPER=/usr/lib/gcc/aarch64-linux-gnu/10/lto-wrapper
Target: aarch64-linux-gnu
Configured with: ../src/configure -v --with-pkgversion='Debian 10.2.1-6' --with-bugurl=file:///usr/share/doc/gcc-10/README.Bugs --enable-languages=c,ada,c++,go,d,fortran,objc,obj-c++,m2 --prefix=/usr --with-gcc-major-version-only --program-suffix=-10 --program-prefix=aarch64-linux-gnu- --enable-shared --enable-linker-build-id --libexecdir=/usr/lib --without-included-gettext --enable-threads=posix --libdir=/usr/lib --enable-nls --enable-bootstrap --enable-clocale=gnu --enable-libstdcxx-debug --enable-libstdcxx-time=yes --with-default-libstdcxx-abi=new --enable-gnu-unique-object --disable-libquadmath --disable-libquadmath-support --enable-plugin --enable-default-pie --with-system-zlib --enable-libphobos-checking=release --with-target-system-zlib=auto --enable-objc-gc=auto --enable-multiarch --enable-fix-cortex-a53-843419 --disable-werror --enable-checking=release --build=aarch64-linux-gnu --host=aarch64-linux-gnu --target=aarch64-linux-gnu --with-build-config=bootstrap-lto-lean --enable-link-mutex
Thread model: posix
Supported LTO compression algorithms: zlib zstd
gcc version 10.2.1 20210110 (Debian 10.2.1-6) 
COMPILER_PATH=/usr/lib/gcc/aarch64-linux-gnu/10/:/usr/lib/gcc/aarch64-linux-gnu/10/:/usr/lib/gcc/aarch64-linux-gnu/:/usr/lib/gcc/aarch64-linux-gnu/10/:/usr/lib/gcc/aarch64-linux-gnu/
LIBRARY_PATH=/usr/lib/gcc/aarch64-linux-gnu/10/:/usr/lib/gcc/aarch64-linux-gnu/10/../../../aarch64-linux-gnu/:/usr/lib/gcc/aarch64-linux-gnu/10/../../../../lib/:/lib/aarch64-linux-gnu/:/lib/../lib/:/usr/lib/aarch64-linux-gnu/:/usr/lib/../lib/:/usr/lib/gcc/aarch64-linux-gnu/10/../../../:/lib/:/usr/lib/
COLLECT_GCC_OPTIONS='-v' '-o' 'cmTC_5b67d' '-shared-libgcc' '-mlittle-endian' '-mabi=lp64'
 /usr/lib/gcc/aarch64-linux-gnu/10/collect2 -plugin /usr/lib/gcc/aarch64-linux-gnu/10/liblto_plugin.so -plugin-opt=/usr/lib/gcc/aarch64-linux-gnu/10/lto-wrapper -plugin-opt=-fresolution=/tmp/cc7JQGX9.res -plugin-opt=-pass-through=-lgcc_s -plugin-opt=-pass-through=-lgcc -plugin-opt=-pass-through=-lc -plugin-opt=-pass-through=-lgcc_s -plugin-opt=-pass-through=-lgcc --build-id --eh-frame-hdr --hash-style=gnu --as-needed -dynamic-linker /lib/ld-linux-aarch64.so.1 -X -EL -maarch64linux --fix-cortex-a53-843419 -pie -o cmTC_5b67d /usr/lib/gcc/aarch64-linux-gnu/10/../../../aarch64-linux-gnu/Scrt1.o /usr/lib/gcc/aarch64-linux-gnu/10/../../../aarch64-linux-gnu/crti.o /usr/lib/gcc/aarch64-linux-gnu/10/crtbeginS.o -L/usr/lib/gcc/aarch64-linux-gnu/10 -L/usr/lib/gcc/aarch64-linux-gnu/10/../../../aarch64-linux-gnu -L/usr/lib/gcc/aarch64-linux-gnu/10/../../../../lib -L/lib/aarch64-linux-gnu -L/lib/../lib -L/usr/lib/aarch64-linux-gnu -L/usr/lib/../lib -L/usr/lib/gcc/aarch64-linux-gnu/10/../../.. CMakeFiles/cmTC_5b67d.dir/CMakeCXXCompilerABI.cpp.o -lstdc++ -lm -lgcc_s -lgcc -lc -lgcc_s -lgcc /usr/lib/gcc/aarch64-linux-gnu/10/crtendS.o /usr/lib/gcc/aarch64-linux-gnu/10/../../../aarch64-linux-gnu/crtn.o
COLLECT_GCC_OPTIONS='-v' '-o' 'cmTC_5b67d' '-shared-libgcc' '-mlittle-endian' '-mabi=lp64'
gmake[1]: Leaving directory '/home/userland/v1/v2/sandbox/CMakeFiles/CMakeTmp'



Parsed CXX implicit include dir info from above output: rv=done
  found start of include info
  found start of implicit include info
    add: [/usr/include/c++/10]
    add: [/usr/include/aarch64-linux-gnu/c++/10]
    add: [/usr/include/c++/10/backward]
    add: [/usr/lib/gcc/aarch64-linux-gnu/10/include]
    add: [/usr/local/include]
    add: [/usr/include/aarch64-linux-gnu]
    add: [/usr/include]
  end of search list found
  collapse include dir [/usr/include/c++/10] ==> [/usr/include/c++/10]
  collapse include dir [/usr/include/aarch64-linux-gnu/c++/10] ==> [/usr/include/aarch64-linux-gnu/c++/10]
  collapse include dir [/usr/include/c++/10/backward] ==> [/usr/include/c++/10/backward]
  collapse include dir [/usr/lib/gcc/aarch64-linux-gnu/10/include] ==> [/usr/lib/gcc/aarch64-linux-gnu/10/include]
  collapse include dir [/usr/local/include] ==> [/usr/local/include]
  collapse include dir [/usr/include/aarch64-linux-gnu] ==> [/usr/include/aarch64-linux-gnu]
  collapse include dir [/usr/include] ==> [/usr/include]
  implicit include dirs: [/usr/include/c++/10;/usr/include/aarch64-linux-gnu/c++/10;/usr/include/c++/10/backward;/usr/lib/gcc/aarch64-linux-gnu/10/include;/usr/local/include;/usr/include/aarch64-linux-gnu;/usr/include]


Parsed CXX implicit link information from above output:
  link line regex: [^( *|.*[/\])(ld|CMAKE_LINK_STARTFILE-NOTFOUND|([^/\]+-)?ld|collect2)[^/\]*( |$)]
  ignore line: [Change Dir: /home/userland/v1/v2/sandbox/CMakeFiles/CMakeTmp]
  ignore line: []
  ignore line: [Run Build Command(s):/usr/bin/gmake cmTC_5b67d/fast && /usr/bin/gmake  -f CMakeFiles/cmTC_5b67d.dir/build.make CMakeFiles/cmTC_5b67d.dir/build]
  ignore line: [gmake[1]: Entering directory '/home/userland/v1/v2/sandbox/CMakeFiles/CMakeTmp']
  ignore line: [Building CXX object CMakeFiles/cmTC_5b67d.dir/CMakeCXXCompilerABI.cpp.o]
  ignore line: [/usr/bin/c++   -v -o CMakeFiles/cmTC_5b67d.dir/CMakeCXXCompilerABI.cpp.o -c /usr/share/cmake-3.18/Modules/CMakeCXXCompilerABI.cpp]
  ignore line: [Using built-in specs.]
  ignore line: [COLLECT_GCC=/usr/bin/c++]
  ignore line: [Target: aarch64-linux-gnu]
  ignore line: [Configured with: ../src/configure -v --with-pkgversion='Debian 10.2.1-6' --with-bugurl=file:///usr/share/doc/gcc-10/README.Bugs --enable-languages=c ada c++ go d fortran objc obj-c++ m2 --prefix=/usr --with-gcc-major-version-only --program-suffix=-10 --program-prefix=aarch64-linux-gnu- --enable-shared --enable-linker-build-id --libexecdir=/usr/lib --without-included-gettext --enable-threads=posix --libdir=/usr/lib --enable-nls --enable-bootstrap --enable-clocale=gnu --enable-libstdcxx-debug --enable-libstdcxx-time=yes --with-default-libstdcxx-abi=new --enable-gnu-unique-object --disable-libquadmath --disable-libquadmath-support --enable-plugin --enable-default-pie --with-system-zlib --enable-libphobos-checking=release --with-target-system-zlib=auto --enable-objc-gc=auto --enable-multiarch --enable-fix-cortex-a53-843419 --disable-werror --enable-checking=release --build=aarch64-linux-gnu --host=aarch64-linux-gnu --target=aarch64-linux-gnu --with-build-config=bootstrap-lto-lean --enable-link-mutex]
  ignore line: [Thread model: posix]
  ignore line: [Supported LTO compression algorithms: zlib zstd]
  ignore line: [gcc version 10.2.1 20210110 (Debian 10.2.1-6) ]
  ignore line: [COLLECT_GCC_OPTIONS='-v' '-o' 'CMakeFiles/cmTC_5b67d.dir/CMakeCXXCompilerABI.cpp.o' '-c' '-shared-libgcc' '-mlittle-endian' '-mabi=lp64']
  ignore line: [ /usr/lib/gcc/aarch64-linux-gnu/10/cc1plus -quiet -v -imultiarch aarch64-linux-gnu -D_GNU_SOURCE /usr/share/cmake-3.18/Modules/CMakeCXXCompilerABI.cpp -quiet -dumpbase CMakeCXXCompilerABI.cpp -mlittle-endian -mabi=lp64 -auxbase-strip CMakeFiles/cmTC_5b67d.dir/CMakeCXXCompilerABI.cpp.o -version -fasynchronous-unwind-tables -o /tmp/ccgoOtHB.s]
  ignore line: [GNU C++14 (Debian 10.2.1-6) version 10.2.1 20210110 (aarch64-linux-gnu)]
  ignore line: [	compiled by GNU C version 10.2.1 20210110  GMP version 6.2.1  MPFR version 4.1.0  MPC version 1.2.0  isl version isl-0.23-GMP]
  ignore line: []
  ignore line: [GGC heuristics: --param ggc-min-expand=100 --param ggc-min-heapsize=131072]
  ignore line: [ignoring duplicate directory "/usr/include/aarch64-linux-gnu/c++/10"]
  ignore line: [ignoring nonexistent directory "/usr/local/include/aarch64-linux-gnu"]
  ignore line: [ignoring nonexistent directory "/usr/lib/gcc/aarch64-linux-gnu/10/include-fixed"]
  ignore line: [ignoring nonexistent directory "/usr/lib/gcc/aarch64-linux-gnu/10/../../../../aarch64-linux-gnu/include"]
  ignore line: [#include "..." search starts here:]
  ignore line: [#include <...> search starts here:]
  ignore line: [ /usr/include/c++/10]
  ignore line: [ /usr/include/aarch64-linux-gnu/c++/10]
  ignore line: [ /usr/include/c++/10/backward]
  ignore line: [ /usr/lib/gcc/aarch64-linux-gnu/10/include]
  ignore line: [ /usr/local/include]
  ignore line: [ /usr/include/aarch64-linux-gnu]
  ignore line: [ /usr/include]
  ignore line: [End of search list.]
  ignore line: [GNU C++14 (Debian 10.2.1-6) version 10.2.1 20210110 (aarch64-linux-gnu)]
  ignore line: [	compiled by GNU C version 10.2.1 20210110  GMP version 6.2.1  MPFR version 4.1.0  MPC version 1.2.0  isl version isl-0.23-GMP]
  ignore line: []
  ignore line: [GGC heuristics: --param ggc-min-expand=100 --param ggc-min-heapsize=131072]
  ignore line: [Compiler executable checksum: 7ff9b3e77ba341f92c3fc11acba5d5f9]
  ignore line: [COLLECT_GCC_OPTIONS='-v' '-o' 'CMakeFiles/cmTC_5b67d.dir/CMakeCXXCompilerABI.cpp.o' '-c' '-shared-libgcc' '-mlittle-endian' '-mabi=lp64']
  ignore line: [ as -v -EL -mabi=lp64 -o CMakeFiles/cmTC_5b67d.dir/CMakeCXXCompilerABI.cpp.o /tmp/ccgoOtHB.s]
  ignore line: [GNU assembler version 2.35.2 (aarch64-linux-gnu) using BFD version (GNU Binutils for Debian) 2.35.2]
  ignore line: [COMPILER_PATH=/usr/lib/gcc/aarch64-linux-gnu/10/:/usr/lib/gcc/aarch64-linux-gnu/10/:/usr/lib/gcc/aarch64-linux-gnu/:/usr/lib/gcc/aarch64-linux-gnu/10/:/usr/lib/gcc/aarch64-linux-gnu/]
  ignore line: [LIBRARY_PATH=/usr/lib/gcc/aarch64-linux-gnu/10/:/usr/lib/gcc/aarch64-linux-gnu/10/../../../aarch64-linux-gnu/:/usr/lib/gcc/aarch64-linux-gnu/10/../../../../lib/:/lib/aarch64-linux-gnu/:/lib/../lib/:/usr/lib/aarch64-linux-gnu/:/usr/lib/../lib/:/usr/lib/gcc/aarch64-linux-gnu/10/../../../:/lib/:/usr/lib/]
  ignore line: [COLLECT_GCC_OPTIONS='-v' '-o' 'CMakeFiles/cmTC_5b67d.dir/CMakeCXXCompilerABI.cpp.o' '-c' '-shared-libgcc' '-mlittle-endian' '-mabi=lp64']
  ignore line: [Linking CXX executable cmTC_5b67d]
  ignore line: [/usr/bin/cmake -E cmake_link_script CMakeFiles/cmTC_5b67d.dir/link.txt --verbose=1]
  ignore line: [/usr/bin/c++  -v CMakeFiles/cmTC_5b67d.dir/CMakeCXXCompilerABI.cpp.o -o cmTC_5b67d ]
  ignore line: [Using built-in specs.]
  ignore line: [COLLECT_GCC=/usr/bin/c++]
  ignore line: [COLLECT_LTO_WRAPPER=/usr/lib/gcc/aarch64-linux-gnu/10/lto-wrapper]
  ignore line: [Target: aarch64-linux-gnu]
  ignore line: [Configured with: ../src/configure -v --with-pkgversion='Debian 10.2.1-6' --with-bugurl=file:///usr/share/doc/gcc-10/README.Bugs --enable-languages=c ada c++ go d fortran objc obj-c++ m2 --prefix=/usr --with-gcc-major-version-only --program-suffix=-10 --program-prefix=aarch64-linux-gnu- --enable-shared --enable-linker-build-id --libexecdir=/usr/lib --without-included-gettext --enable-threads=posix --libdir=/usr/lib --enable-nls --enable-bootstrap --enable-clocale=gnu --enable-libstdcxx-debug --enable-libstdcxx-time=yes --with-default-libstdcxx-abi=new --enable-gnu-unique-object --disable-libquadmath --disable-libquadmath-support --enable-plugin --enable-default-pie --with-system-zlib --enable-libphobos-checking=release --with-target-system-zlib=auto --enable-objc-gc=auto --enable-multiarch --enable-fix-cortex-a53-843419 --disable-werror --enable-checking=release --build=aarch64-linux-gnu --host=aarch64-linux-gnu --target=aarch64-linux-gnu --with-build-config=bootstrap-lto-lean --enable-link-mutex]
  ignore line: [Thread model: posix]
  ignore line: [Supported LTO compression algorithms: zlib zstd]
  ignore line: [gcc version 10.2.1 20210110 (Debian 10.2.1-6) ]
  ignore line: [COMPILER_PATH=/usr/lib/gcc/aarch64-linux-gnu/10/:/usr/lib/gcc/aarch64-linux-gnu/10/:/usr/lib/gcc/aarch64-linux-gnu/:/usr/lib/gcc/aarch64-linux-gnu/10/:/usr/lib/gcc/aarch64-linux-gnu/]
  ignore line: [LIBRARY_PATH=/usr/lib/gcc/aarch64-linux-gnu/10/:/usr/lib/gcc/aarch64-linux-gnu/10/../../../aarch64-linux-gnu/:/usr/lib/gcc/aarch64-linux-gnu/10/../../../../lib/:/lib/aarch64-linux-gnu/:/lib/../lib/:/usr/lib/aarch64-linux-gnu/:/usr/lib/../lib/:/usr/lib/gcc/aarch64-linux-gnu/10/../../../:/lib/:/usr/lib/]
  ignore line: [COLLECT_GCC_OPTIONS='-v' '-o' 'cmTC_5b67d' '-shared-libgcc' '-mlittle-endian' '-mabi=lp64']
  link line: [ /usr/lib/gcc/aarch64-linux-gnu/10/collect2 -plugin /usr/lib/gcc/aarch64-linux-gnu/10/liblto_plugin.so -plugin-opt=/usr/lib/gcc/aarch64-linux-gnu/10/lto-wrapper -plugin-opt=-fresolution=/tmp/cc7JQGX9.res -plugin-opt=-pass-through=-lgcc_s -plugin-opt=-pass-through=-lgcc -plugin-opt=-pass-through=-lc -plugin-opt=-pass-through=-lgcc_s -plugin-opt=-pass-through=-lgcc --build-id --eh-frame-hdr --hash-style=gnu --as-needed -dynamic-linker /lib/ld-linux-aarch64.so.1 -X -EL -maarch64linux --fix-cortex-a53-843419 -pie -o cmTC_5b67d /usr/lib/gcc/aarch64-linux-gnu/10/../../../aarch64-linux-gnu/Scrt1.o /usr/lib/gcc/aarch64-linux-gnu/10/../../../aarch64-linux-gnu/crti.o /usr/lib/gcc/aarch64-linux-gnu/10/crtbeginS.o -L/usr/lib/gcc/aarch64-linux-gnu/10 -L/usr/lib/gcc/aarch64-linux-gnu/10/../../../aarch64-linux-gnu -L/usr/lib/gcc/aarch64-linux-gnu/10/../../../../lib -L/lib/aarch64-linux-gnu -L/lib/../lib -L/usr/lib/aarch64-linux-gnu -L/usr/lib/../lib -L/usr/lib/gcc/aarch64-linux-gnu/10/../../.. CMakeFiles/cmTC_5b67d.dir/CMakeCXXCompilerABI.cpp.o -lstdc++ -lm -lgcc_s -lgcc -lc -lgcc_s -lgcc /usr/lib/gcc/aarch64-linux-gnu/10/crtendS.o /usr/lib/gcc/aarch64-linux-gnu/10/../../../aarch64-linux-gnu/crtn.o]
    arg [/usr/lib/gcc/aarch64-linux-gnu/10/collect2] ==> ignore
    arg [-plugin] ==> ignore
    arg [/usr/lib/gcc/aarch64-linux-gnu/10/liblto_plugin.so] ==> ignore
    arg [-plugin-opt=/usr/lib/gcc/aarch64-linux-gnu/10/lto-wrapper] ==> ignore
    arg [-plugin-opt=-fresolution=/tmp/cc7JQGX9.res] ==> ignore
    arg [-plugin-opt=-pass-through=-lgcc_s] ==> ignore
    arg [-plugin-opt=-pass-through=-lgcc] ==> ignore
    arg [-plugin-opt=-pass-through=-lc] ==> ignore
    arg [-plugin-opt=-pass-through=-lgcc_s] ==> ignore
    arg [-plugin-opt=-pass-through=-lgcc] ==> ignore
    arg [--build-id] ==> ignore
    arg [--eh-frame-hdr] ==> ignore
    arg [--hash-style=gnu] ==> ignore
    arg [--as-needed] ==> ignore
    arg [-dynamic-linker] ==> ignore
    arg [/lib/ld-linux-aarch64.so.1] ==> ignore
    arg [-X] ==> ignore
    arg [-EL] ==> ignore
    arg [-maarch64linux] ==> ignore
    arg [--fix-cortex-a53-843419] ==> ignore
    arg [-pie] ==> ignore
    arg [-o] ==> ignore
    arg [cmTC_5b67d] ==> ignore
    arg [/usr/lib/gcc/aarch64-linux-gnu/10/../../../aarch64-linux-gnu/Scrt1.o] ==> ignore
    arg [/usr/lib/gcc/aarch64-linux-gnu/10/../../../aarch64-linux-gnu/crti.o] ==> ignore
    arg [/usr/lib/gcc/aarch64-linux-gnu/10/crtbeginS.o] ==> ignore
    arg [-L/usr/lib/gcc/aarch64-linux-gnu/10] ==> dir [/usr/lib/gcc/aarch64-linux-gnu/10]
    arg [-L/usr/lib/gcc/aarch64-linux-gnu/10/../../../aarch64-linux-gnu] ==> dir [/usr/lib/gcc/aarch64-linux-gnu/10/../../../aarch64-linux-gnu]
    arg [-L/usr/lib/gcc/aarch64-linux-gnu/10/../../../../lib] ==> dir [/usr/lib/gcc/aarch64-linux-gnu/10/../../../../lib]
    arg [-L/lib/aarch64-linux-gnu] ==> dir [/lib/aarch64-linux-gnu]
    arg [-L/lib/../lib] ==> dir [/lib/../lib]
    arg [-L/usr/lib/aarch64-linux-gnu] ==> dir [/usr/lib/aarch64-linux-gnu]
    arg [-L/usr/lib/../lib] ==> dir [/usr/lib/../lib]
    arg [-L/usr/lib/gcc/aarch64-linux-gnu/10/../../..] ==> dir [/usr/lib/gcc/aarch64-linux-gnu/10/../../..]
    arg [CMakeFiles/cmTC_5b67d.dir/CMakeCXXCompilerABI.cpp.o] ==> ignore
    arg [-lstdc++] ==> lib [stdc++]
    arg [-lm] ==> lib [m]
    arg [-lgcc_s] ==> lib [gcc_s]
    arg [-lgcc] ==> lib [gcc]
    arg [-lc] ==> lib [c]
    arg [-lgcc_s] ==> lib [gcc_s]
    arg [-lgcc] ==> lib [gcc]
    arg [/usr/lib/gcc/aarch64-linux-gnu/10/crtendS.o] ==> ignore
    arg [/usr/lib/gcc/aarch64-linux-gnu/10/../../../aarch64-linux-gnu/crtn.o] ==> ignore
  collapse library dir [/usr/lib/gcc/aarch64-linux-gnu/10] ==> [/usr/lib/gcc/aarch64-linux-gnu/10]
  collapse library dir [/usr/lib/gcc/aarch64-linux-gnu/10/../../../aarch64-linux-gnu] ==> [/usr/lib/aarch64-linux-gnu]
  collapse library dir [/usr/lib/gcc/aarch64-linux-gnu/10/../../../../lib] ==> [/usr/lib]
  collapse library dir [/lib/aarch64-linux-gnu] ==> [/lib/aarch64-linux-gnu]
  collapse library dir [/lib/../lib] ==> [/lib]
  collapse library dir [/usr/lib/aarch64-linux-gnu] ==> [/usr/lib/aarch64-linux-gnu]
  collapse library dir [/usr/lib/../lib] ==> [/usr/lib]
  collapse library dir [/usr/lib/gcc/aarch64-linux-gnu/10/../../..] ==> [/usr/lib]
  implicit libs: [stdc++;m;gcc_s;gcc;c;gcc_s;gcc]
  implicit dirs: [/usr/lib/gcc/aarch64-linux-gnu/10;/usr/lib/aarch64-linux-gnu;/usr/lib;/lib/aarch64-linux-gnu;/lib]
  implicit fwks: []


Performing C++ SOURCE FILE Test HAVE_ATOMICS_WITHOUT_LIB succeeded with the following output:
Change Dir: /home/userland/v1/v2/sandbox/CMakeFiles/CMakeTmp

Run Build Command(s):/usr/bin/gmake cmTC_95d5e/fast && /usr/bin/gmake  -f CMakeFiles/cmTC_95d5e.dir/build.make CMakeFiles/cmTC_95d5e.dir/build
gmake[1]: Entering directory '/home/userland/v1/v2/sandbox/CMakeFiles/CMakeTmp'
Building CXX object CMakeFiles/cmTC_95d5e.dir/src.cxx.o
/usr/bin/c++   -DHAVE_ATOMICS_WITHOUT_LIB  -std=c++11 -o CMakeFiles/cmTC_95d5e.dir/src.cxx.o -c /home/userland/v1/v2/sandbox/CMakeFiles/CMakeTmp/src.cxx
Linking CXX executable cmTC_95d5e
/usr/bin/cmake -E cmake_link_script CMakeFiles/cmTC_95d5e.dir/link.txt --verbose=1
/usr/bin/c++  -DHAVE_ATOMICS_WITHOUT_LIB  -std=c++11 CMakeFiles/cmTC_95d5e.dir/src.cxx.o -o cmTC_95d5e 
gmake[1]: Leaving directory '/home/userland/v1/v2/sandbox/CMakeFiles/CMakeTmp'


Source file was:

#include <atomic>
#include <cstdint>
std::atomic<int> x1;
std::atomic<short> x2;
std::atomic<char> x3;
std::atomic<uint64_t> x (0);
int main() {
  uint64_t i = x.load(std::memory_order_relaxed);
  (void)i;
  ++x3;
  ++x2;
  return ++x1;
}

Performing C SOURCE FILE Test FLAG_SUPPORTED_fuse_ld_gold succeeded with the following output:
Change Dir: /home/userland/v1/v2/sandbox/CMakeFiles/CMakeTmp

Run Build Command(s):/usr/bin/gmake cmTC_41f11/fast && /usr/bin/gmake  -f CMakeFiles/cmTC_41f11.dir/build.make CMakeFiles/cmTC_41f11.dir/build
gmake[1]: Entering directory '/home/userland/v1/v2/sandbox/CMakeFiles/CMakeTmp'
Building C object CMakeFiles/cmTC_41f11.dir/src.c.o
/usr/bin/cc   -DFLAG_SUPPORTED_fuse_ld_gold -o CMakeFiles/cmTC_41f11.dir/src.c.o -c /home/userland/v1/v2/sandbox/CMakeFiles/CMakeTmp/src.c
Linking C executable cmTC_41f11
/usr/bin/cmake -E cmake_link_script CMakeFiles/cmTC_41f11.dir/link.txt --verbose=1
/usr/bin/cc  -DFLAG_SUPPORTED_fuse_ld_gold -fuse-ld=gold CMakeFiles/cmTC_41f11.dir/src.c.o -o cmTC_41f11 
gmake[1]: Leaving directory '/home/userland/v1/v2/sandbox/CMakeFiles/CMakeTmp'


Source file was:
int main() { return 0; }
Performing C++ SOURCE FILE Test FLAG_SUPPORTED_fstack_protector_strong succeeded with the following output:
Change Dir: /home/userland/v1/v2/sandbox/CMakeFiles/CMakeTmp

Run Build Command(s):/usr/bin/gmake cmTC_79251/fast && /usr/bin/gmake  -f CMakeFiles/cmTC_79251.dir/build.make CMakeFiles/cmTC_79251.dir/build
gmake[1]: Entering directory '/home/userland/v1/v2/sandbox/CMakeFiles/CMakeTmp'
Building CXX object CMakeFiles/cmTC_79251.dir/src.cxx.o
/usr/bin/c++   -DFLAG_SUPPORTED_fstack_protector_strong   -fstack-protector-strong -o CMakeFiles/cmTC_79251.dir/src.cxx.o -c /home/userland/v1/v2/sandbox/CMakeFiles/CMakeTmp/src.cxx
Linking CXX executable cmTC_79251
/usr/bin/cmake -E cmake_link_script CMakeFiles/cmTC_79251.dir/link.txt --verbose=1
/usr/bin/c++  -DFLAG_SUPPORTED_fstack_protector_strong CMakeFiles/cmTC_79251.dir/src.cxx.o -o cmTC_79251 
gmake[1]: Leaving directory '/home/userland/v1/v2/sandbox/CMakeFiles/CMakeTmp'


Source file was:
int main() { return 0; }
Performing C++ SOURCE FILE Test FLAG_SUPPORTED_fno_exceptions succeeded with the following output:
Change Dir: /home/userland/v1/v2/sandbox/CMakeFiles/CMakeTmp

Run Build Command(s):/usr/bin/gmake cmTC_4778d/fast && /usr/bin/gmake  -f CMakeFiles/cmTC_4778d.dir/build.make CMakeFiles/cmTC_4778d.dir/build
gmake[1]: Entering directory '/home/userland/v1/v2/sandbox/CMakeFiles/CMakeTmp'
Building CXX object CMakeFiles/cmTC_4778d.dir/src.cxx.o
/usr/bin/c++   -DFLAG_SUPPORTED_fno_exceptions   -fno-exceptions -o CMakeFiles/cmTC_4778d.dir/src.cxx.o -c /home/userland/v1/v2/sandbox/CMakeFiles/CMakeTmp/src.cxx
Linking CXX executable cmTC_4778d
/usr/bin/cmake -E cmake_link_script CMakeFiles/cmTC_4778d.dir/link.txt --verbose=1
/usr/bin/c++  -DFLAG_SUPPORTED_fno_exceptions CMakeFiles/cmTC_4778d.dir/src.cxx.o -o cmTC_4778d 
gmake[1]: Leaving directory '/home/userland/v1/v2/sandbox/CMakeFiles/CMakeTmp'


Source file was:
int main() { return 0; }
Performing C++ SOURCE FILE Test FLAG_SUPPORTED_fsigned_char succeeded with the following output:
Change Dir: /home/userland/v1/v2/sandbox/CMakeFiles/CMakeTmp

Run Build Command(s):/usr/bin/gmake cmTC_8a331/fast && /usr/bin/gmake  -f CMakeFiles/cmTC_8a331.dir/build.make CMakeFiles/cmTC_8a331.dir/build
gmake[1]: Entering directory '/home/userland/v1/v2/sandbox/CMakeFiles/CMakeTmp'
Building CXX object CMakeFiles/cmTC_8a331.dir/src.cxx.o
/usr/bin/c++   -DFLAG_SUPPORTED_fsigned_char   -fsigned-char -o CMakeFiles/cmTC_8a331.dir/src.cxx.o -c /home/userland/v1/v2/sandbox/CMakeFiles/CMakeTmp/src.cxx
Linking CXX executable cmTC_8a331
/usr/bin/cmake -E cmake_link_script CMakeFiles/cmTC_8a331.dir/link.txt --verbose=1
/usr/bin/c++  -DFLAG_SUPPORTED_fsigned_char CMakeFiles/cmTC_8a331.dir/src.cxx.o -o cmTC_8a331 
gmake[1]: Leaving directory '/home/userland/v1/v2/sandbox/CMakeFiles/CMakeTmp'


Source file was:
int main() { return 0; }
Performing C++ SOURCE FILE Test FLAG_SUPPORTED_Wall succeeded with the following output:
Change Dir: /home/userland/v1/v2/sandbox/CMakeFiles/CMakeTmp

Run Build Command(s):/usr/bin/gmake cmTC_64b8a/fast && /usr/bin/gmake  -f CMakeFiles/cmTC_64b8a.dir/build.make CMakeFiles/cmTC_64b8a.dir/build
gmake[1]: Entering directory '/home/userland/v1/v2/sandbox/CMakeFiles/CMakeTmp'
Building CXX object CMakeFiles/cmTC_64b8a.dir/src.cxx.o
/usr/bin/c++   -DFLAG_SUPPORTED_Wall   -Wall -o CMakeFiles/cmTC_64b8a.dir/src.cxx.o -c /home/userland/v1/v2/sandbox/CMakeFiles/CMakeTmp/src.cxx
Linking CXX executable cmTC_64b8a
/usr/bin/cmake -E cmake_link_script CMakeFiles/cmTC_64b8a.dir/link.txt --verbose=1
/usr/bin/c++  -DFLAG_SUPPORTED_Wall CMakeFiles/cmTC_64b8a.dir/src.cxx.o -o cmTC_64b8a 
gmake[1]: Leaving directory '/home/userland/v1/v2/sandbox/CMakeFiles/CMakeTmp'


Source file was:
int main() { return 0; }
Performing C++ SOURCE FILE Test FLAG_SUPPORTED_Wextra succeeded with the following output:
Change Dir: /home/userland/v1/v2/sandbox/CMakeFiles/CMakeTmp

Run Build Command(s):/usr/bin/gmake cmTC_9d2bb/fast && /usr/bin/gmake  -f CMakeFiles/cmTC_9d2bb.dir/build.make CMakeFiles/cmTC_9d2bb.dir/build
gmake[1]: Entering directory '/home/userland/v1/v2/sandbox/CMakeFiles/CMakeTmp'
Building CXX object CMakeFiles/cmTC_9d2bb.dir/src.cxx.o
/usr/bin/c++   -DFLAG_SUPPORTED_Wextra   -Wextra -o CMakeFiles/cmTC_9d2bb.dir/src.cxx.o -c /home/userland/v1/v2/sandbox/CMakeFiles/CMakeTmp/src.cxx
Linking CXX executable cmTC_9d2bb
/usr/bin/cmake -E cmake_link_script CMakeFiles/cmTC_9d2bb.dir/link.txt --verbose=1
/usr/bin/c++  -DFLAG_SUPPORTED_Wextra CMakeFiles/cmTC_9d2bb.dir/src.cxx.o -o cmTC_9d2bb 
gmake[1]: Leaving directory '/home/userland/v1/v2/sandbox/CMakeFiles/CMakeTmp'


Source file was:
int main() { return 0; }
Performing C++ SOURCE FILE Test FLAG_SUPPORTED_Wno_psabi succeeded with the following output:
Change Dir: /home/userland/v1/v2/sandbox/CMakeFiles/CMakeTmp

Run Build Command(s):/usr/bin/gmake cmTC_17e20/fast && /usr/bin/gmake  -f CMakeFiles/cmTC_17e20.dir/build.make CMakeFiles/cmTC_17e20.dir/build
gmake[1]: Entering directory '/home/userland/v1/v2/sandbox/CMakeFiles/CMakeTmp'
Building CXX object CMakeFiles/cmTC_17e20.dir/src.cxx.o
/usr/bin/c++   -DFLAG_SUPPORTED_Wno_psabi   -Wno-psabi -o CMakeFiles/cmTC_17e20.dir/src.cxx.o -c /home/userland/v1/v2/sandbox/CMakeFiles/CMakeTmp/src.cxx
Linking CXX executable cmTC_17e20
/usr/bin/cmake -E cmake_link_script CMakeFiles/cmTC_17e20.dir/link.txt --verbose=1
/usr/bin/c++  -DFLAG_SUPPORTED_Wno_psabi CMakeFiles/cmTC_17e20.dir/src.cxx.o -o cmTC_17e20 
gmake[1]: Leaving directory '/home/userland/v1/v2/sandbox/CMakeFiles/CMakeTmp'


Source file was:
int main() { return 0; }
Performing C++ SOURCE FILE Test FLAG_SUPPORTED_Wno_unused_parameter succeeded with the following output:
Change Dir: /home/userland/v1/v2/sandbox/CMakeFiles/CMakeTmp

Run Build Command(s):/usr/bin/gmake cmTC_1095d/fast && /usr/bin/gmake  -f CMakeFiles/cmTC_1095d.dir/build.make CMakeFiles/cmTC_1095d.dir/build
gmake[1]: Entering directory '/home/userland/v1/v2/sandbox/CMakeFiles/CMakeTmp'
Building CXX object CMakeFiles/cmTC_1095d.dir/src.cxx.o
/usr/bin/c++   -DFLAG_SUPPORTED_Wno_unused_parameter   -Wno-unused-parameter -o CMakeFiles/cmTC_1095d.dir/src.cxx.o -c /home/userland/v1/v2/sandbox/CMakeFiles/CMakeTmp/src.cxx
Linking CXX executable cmTC_1095d
/usr/bin/cmake -E cmake_link_script CMakeFiles/cmTC_1095d.dir/link.txt --verbose=1
/usr/bin/c++  -DFLAG_SUPPORTED_Wno_unused_parameter CMakeFiles/cmTC_1095d.dir/src.cxx.o -o cmTC_1095d 
gmake[1]: Leaving directory '/home/userland/v1/v2/sandbox/CMakeFiles/CMakeTmp'


Source file was:
int main() { return 0; }
Performing C++ SOURCE FILE Test FLAG_SUPPORTED_Wno_missing_field_initializers succeeded with the following output:
Change Dir: /home/userland/v1/v2/sandbox/CMakeFiles/CMakeTmp

Run Build Command(s):/usr/bin/gmake cmTC_d867c/fast && /usr/bin/gmake  -f CMakeFiles/cmTC_d867c.dir/build.make CMakeFiles/cmTC_d867c.dir/build
gmake[1]: Entering directory '/home/userland/v1/v2/sandbox/CMakeFiles/CMakeTmp'
Building CXX object CMakeFiles/cmTC_d867c.dir/src.cxx.o
/usr/bin/c++   -DFLAG_SUPPORTED_Wno_missing_field_initializers   -Wno-missing-field-initializers -o CMakeFiles/cmTC_d867c.dir/src.cxx.o -c /home/userland/v1/v2/sandbox/CMakeFiles/CMakeTmp/src.cxx
Linking CXX executable cmTC_d867c
/usr/bin/cmake -E cmake_link_script CMakeFiles/cmTC_d867c.dir/link.txt --verbose=1
/usr/bin/c++  -DFLAG_SUPPORTED_Wno_missing_field_initializers CMakeFiles/cmTC_d867c.dir/src.cxx.o -o cmTC_d867c 
gmake[1]: Leaving directory '/home/userland/v1/v2/sandbox/CMakeFiles/CMakeTmp'


Source file was:
int main() { return 0; }
Performing C++ SOURCE FILE Test FLAG_SUPPORTED_Wno_format succeeded with the following output:
Change Dir: /home/userland/v1/v2/sandbox/CMakeFiles/CMakeTmp

Run Build Command(s):/usr/bin/gmake cmTC_dc191/fast && /usr/bin/gmake  -f CMakeFiles/cmTC_dc191.dir/build.make CMakeFiles/cmTC_dc191.dir/build
gmake[1]: Entering directory '/home/userland/v1/v2/sandbox/CMakeFiles/CMakeTmp'
Building CXX object CMakeFiles/cmTC_dc191.dir/src.cxx.o
/usr/bin/c++   -DFLAG_SUPPORTED_Wno_format   -Wno-format -o CMakeFiles/cmTC_dc191.dir/src.cxx.o -c /home/userland/v1/v2/sandbox/CMakeFiles/CMakeTmp/src.cxx
Linking CXX executable cmTC_dc191
/usr/bin/cmake -E cmake_link_script CMakeFiles/cmTC_dc191.dir/link.txt --verbose=1
/usr/bin/c++  -DFLAG_SUPPORTED_Wno_format CMakeFiles/cmTC_dc191.dir/src.cxx.o -o cmTC_dc191 
gmake[1]: Leaving directory '/home/userland/v1/v2/sandbox/CMakeFiles/CMakeTmp'


Source file was:
int main() { return 0; }
Performing C SOURCE FILE Test FLAG_SUPPORTED_Wno_implicit_function_declaration succeeded with the following output:
Change Dir: /home/userland/v1/v2/sandbox/CMakeFiles/CMakeTmp

Run Build Command(s):/usr/bin/gmake cmTC_9461a/fast && /usr/bin/gmake  -f CMakeFiles/cmTC_9461a.dir/build.make CMakeFiles/cmTC_9461a.dir/build
gmake[1]: Entering directory '/home/userland/v1/v2/sandbox/CMakeFiles/CMakeTmp'
Building C object CMakeFiles/cmTC_9461a.dir/src.c.o
/usr/bin/cc   -DFLAG_SUPPORTED_Wno_implicit_function_declaration   -Wno-implicit-function-declaration -o CMakeFiles/cmTC_9461a.dir/src.c.o -c /home/userland/v1/v2/sandbox/CMakeFiles/CMakeTmp/src.c
Linking C executable cmTC_9461a
/usr/bin/cmake -E cmake_link_script CMakeFiles/cmTC_9461a.dir/link.txt --verbose=1
/usr/bin/cc  -DFLAG_SUPPORTED_Wno_implicit_function_declaration CMakeFiles/cmTC_9461a.dir/src.c.o -o cmTC_9461a 
gmake[1]: Leaving directory '/home/userland/v1/v2/sandbox/CMakeFiles/CMakeTmp'


Source file was:
int main(void) { return 0; }
Performing C++ SOURCE FILE Test FLAG_SUPPORTED_Wno_nullability_completeness succeeded with the following output:
Change Dir: /home/userland/v1/v2/sandbox/CMakeFiles/CMakeTmp

Run Build Command(s):/usr/bin/gmake cmTC_458bd/fast && /usr/bin/gmake  -f CMakeFiles/cmTC_458bd.dir/build.make CMakeFiles/cmTC_458bd.dir/build
gmake[1]: Entering directory '/home/userland/v1/v2/sandbox/CMakeFiles/CMakeTmp'
Building CXX object CMakeFiles/cmTC_458bd.dir/src.cxx.o
/usr/bin/c++   -DFLAG_SUPPORTED_Wno_nullability_completeness   -Wno-nullability-completeness -o CMakeFiles/cmTC_458bd.dir/src.cxx.o -c /home/userland/v1/v2/sandbox/CMakeFiles/CMakeTmp/src.cxx
Linking CXX executable cmTC_458bd
/usr/bin/cmake -E cmake_link_script CMakeFiles/cmTC_458bd.dir/link.txt --verbose=1
/usr/bin/c++  -DFLAG_SUPPORTED_Wno_nullability_completeness CMakeFiles/cmTC_458bd.dir/src.cxx.o -o cmTC_458bd 
gmake[1]: Leaving directory '/home/userland/v1/v2/sandbox/CMakeFiles/CMakeTmp'


Source file was:
int main() { return 0; }
Performing C++ SOURCE FILE Test FLAG_SUPPORTED_Wduplicated_cond succeeded with the following output:
Change Dir: /home/userland/v1/v2/sandbox/CMakeFiles/CMakeTmp

Run Build Command(s):/usr/bin/gmake cmTC_37ec5/fast && /usr/bin/gmake  -f CMakeFiles/cmTC_37ec5.dir/build.make CMakeFiles/cmTC_37ec5.dir/build
gmake[1]: Entering directory '/home/userland/v1/v2/sandbox/CMakeFiles/CMakeTmp'
Building CXX object CMakeFiles/cmTC_37ec5.dir/src.cxx.o
/usr/bin/c++   -DFLAG_SUPPORTED_Wduplicated_cond   -Wduplicated-cond -o CMakeFiles/cmTC_37ec5.dir/src.cxx.o -c /home/userland/v1/v2/sandbox/CMakeFiles/CMakeTmp/src.cxx
Linking CXX executable cmTC_37ec5
/usr/bin/cmake -E cmake_link_script CMakeFiles/cmTC_37ec5.dir/link.txt --verbose=1
/usr/bin/c++  -DFLAG_SUPPORTED_Wduplicated_cond CMakeFiles/cmTC_37ec5.dir/src.cxx.o -o cmTC_37ec5 
gmake[1]: Leaving directory '/home/userland/v1/v2/sandbox/CMakeFiles/CMakeTmp'


Source file was:
int main() { return 0; }
Performing C++ SOURCE FILE Test FLAG_SUPPORTED_Wduplicated_branches succeeded with the following output:
Change Dir: /home/userland/v1/v2/sandbox/CMakeFiles/CMakeTmp

Run Build Command(s):/usr/bin/gmake cmTC_925bd/fast && /usr/bin/gmake  -f CMakeFiles/cmTC_925bd.dir/build.make CMakeFiles/cmTC_925bd.dir/build
gmake[1]: Entering directory '/home/userland/v1/v2/sandbox/CMakeFiles/CMakeTmp'
Building CXX object CMakeFiles/cmTC_925bd.dir/src.cxx.o
/usr/bin/c++   -DFLAG_SUPPORTED_Wduplicated_branches   -Wduplicated-branches -o CMakeFiles/cmTC_925bd.dir/src.cxx.o -c /home/userland/v1/v2/sandbox/CMakeFiles/CMakeTmp/src.cxx
Linking CXX executable cmTC_925bd
/usr/bin/cmake -E cmake_link_script CMakeFiles/cmTC_925bd.dir/link.txt --verbose=1
/usr/bin/c++  -DFLAG_SUPPORTED_Wduplicated_branches CMakeFiles/cmTC_925bd.dir/src.cxx.o -o cmTC_925bd 
gmake[1]: Leaving directory '/home/userland/v1/v2/sandbox/CMakeFiles/CMakeTmp'


Source file was:
int main() { return 0; }
Performing C++ SOURCE FILE Test FLAG_SUPPORTED_Wlogical_op succeeded with the following output:
Change Dir: /home/userland/v1/v2/sandbox/CMakeFiles/CMakeTmp

Run Build Command(s):/usr/bin/gmake cmTC_1e552/fast && /usr/bin/gmake  -f CMakeFiles/cmTC_1e552.dir/build.make CMakeFiles/cmTC_1e552.dir/build
gmake[1]: Entering directory '/home/userland/v1/v2/sandbox/CMakeFiles/CMakeTmp'
Building CXX object CMakeFiles/cmTC_1e552.dir/src.cxx.o
/usr/bin/c++   -DFLAG_SUPPORTED_Wlogical_op   -Wlogical-op -o CMakeFiles/cmTC_1e552.dir/src.cxx.o -c /home/userland/v1/v2/sandbox/CMakeFiles/CMakeTmp/src.cxx
Linking CXX executable cmTC_1e552
/usr/bin/cmake -E cmake_link_script CMakeFiles/cmTC_1e552.dir/link.txt --verbose=1
/usr/bin/c++  -DFLAG_SUPPORTED_Wlogical_op CMakeFiles/cmTC_1e552.dir/src.cxx.o -o cmTC_1e552 
gmake[1]: Leaving directory '/home/userland/v1/v2/sandbox/CMakeFiles/CMakeTmp'


Source file was:
int main() { return 0; }
Performing C++ SOURCE FILE Test FLAG_SUPPORTED_Wrestrict succeeded with the following output:
Change Dir: /home/userland/v1/v2/sandbox/CMakeFiles/CMakeTmp

Run Build Command(s):/usr/bin/gmake cmTC_b51f9/fast && /usr/bin/gmake  -f CMakeFiles/cmTC_b51f9.dir/build.make CMakeFiles/cmTC_b51f9.dir/build
gmake[1]: Entering directory '/home/userland/v1/v2/sandbox/CMakeFiles/CMakeTmp'
Building CXX object CMakeFiles/cmTC_b51f9.dir/src.cxx.o
/usr/bin/c++   -DFLAG_SUPPORTED_Wrestrict   -Wrestrict -o CMakeFiles/cmTC_b51f9.dir/src.cxx.o -c /home/userland/v1/v2/sandbox/CMakeFiles/CMakeTmp/src.cxx
Linking CXX executable cmTC_b51f9
/usr/bin/cmake -E cmake_link_script CMakeFiles/cmTC_b51f9.dir/link.txt --verbose=1
/usr/bin/c++  -DFLAG_SUPPORTED_Wrestrict CMakeFiles/cmTC_b51f9.dir/src.cxx.o -o cmTC_b51f9 
gmake[1]: Leaving directory '/home/userland/v1/v2/sandbox/CMakeFiles/CMakeTmp'


Source file was:
int main() { return 0; }
Performing C++ SOURCE FILE Test FLAG_SUPPORTED_Wshadow_global succeeded with the following output:
Change Dir: /home/userland/v1/v2/sandbox/CMakeFiles/CMakeTmp

Run Build Command(s):/usr/bin/gmake cmTC_867d9/fast && /usr/bin/gmake  -f CMakeFiles/cmTC_867d9.dir/build.make CMakeFiles/cmTC_867d9.dir/build
gmake[1]: Entering directory '/home/userland/v1/v2/sandbox/CMakeFiles/CMakeTmp'
Building CXX object CMakeFiles/cmTC_867d9.dir/src.cxx.o
/usr/bin/c++   -DFLAG_SUPPORTED_Wshadow_global   -Wshadow=global -o CMakeFiles/cmTC_867d9.dir/src.cxx.o -c /home/userland/v1/v2/sandbox/CMakeFiles/CMakeTmp/src.cxx
Linking CXX executable cmTC_867d9
/usr/bin/cmake -E cmake_link_script CMakeFiles/cmTC_867d9.dir/link.txt --verbose=1
/usr/bin/c++  -DFLAG_SUPPORTED_Wshadow_global CMakeFiles/cmTC_867d9.dir/src.cxx.o -o cmTC_867d9 
gmake[1]: Leaving directory '/home/userland/v1/v2/sandbox/CMakeFiles/CMakeTmp'


Source file was:
int main() { return 0; }
Performing C++ SOURCE FILE Test FLAG_SUPPORTED_Wsuggest_override succeeded with the following output:
Change Dir: /home/userland/v1/v2/sandbox/CMakeFiles/CMakeTmp

Run Build Command(s):/usr/bin/gmake cmTC_cf17a/fast && /usr/bin/gmake  -f CMakeFiles/cmTC_cf17a.dir/build.make CMakeFiles/cmTC_cf17a.dir/build
gmake[1]: Entering directory '/home/userland/v1/v2/sandbox/CMakeFiles/CMakeTmp'
Building CXX object CMakeFiles/cmTC_cf17a.dir/src.cxx.o
/usr/bin/c++   -DFLAG_SUPPORTED_Wsuggest_override   -Wsuggest-override -o CMakeFiles/cmTC_cf17a.dir/src.cxx.o -c /home/userland/v1/v2/sandbox/CMakeFiles/CMakeTmp/src.cxx
Linking CXX executable cmTC_cf17a
/usr/bin/cmake -E cmake_link_script CMakeFiles/cmTC_cf17a.dir/link.txt --verbose=1
/usr/bin/c++  -DFLAG_SUPPORTED_Wsuggest_override CMakeFiles/cmTC_cf17a.dir/src.cxx.o -o cmTC_cf17a 
gmake[1]: Leaving directory '/home/userland/v1/v2/sandbox/CMakeFiles/CMakeTmp'


Source file was:
int main() { return 0; }
Performing C++ SOURCE FILE Test FLAG_SUPPORTED_Wclass_memaccess succeeded with the following output:
Change Dir: /home/userland/v1/v2/sandbox/CMakeFiles/CMakeTmp

Run Build Command(s):/usr/bin/gmake cmTC_d6047/fast && /usr/bin/gmake  -f CMakeFiles/cmTC_d6047.dir/build.make CMakeFiles/cmTC_d6047.dir/build
gmake[1]: Entering directory '/home/userland/v1/v2/sandbox/CMakeFiles/CMakeTmp'
Building CXX object CMakeFiles/cmTC_d6047.dir/src.cxx.o
/usr/bin/c++   -DFLAG_SUPPORTED_Wclass_memaccess   -Wclass-memaccess -o CMakeFiles/cmTC_d6047.dir/src.cxx.o -c /home/userland/v1/v2/sandbox/CMakeFiles/CMakeTmp/src.cxx
Linking CXX executable cmTC_d6047
/usr/bin/cmake -E cmake_link_script CMakeFiles/cmTC_d6047.dir/link.txt --verbose=1
/usr/bin/c++  -DFLAG_SUPPORTED_Wclass_memaccess CMakeFiles/cmTC_d6047.dir/src.cxx.o -o cmTC_d6047 
gmake[1]: Leaving directory '/home/userland/v1/v2/sandbox/CMakeFiles/CMakeTmp'


Source file was:
int main() { return 0; }
Performing C SOURCE FILE Test FLAG_SUPPORTED_Wno_alloc_size_larger_than succeeded with the following output:
Change Dir: /home/userland/v1/v2/sandbox/CMakeFiles/CMakeTmp

Run Build Command(s):/usr/bin/gmake cmTC_df71a/fast && /usr/bin/gmake  -f CMakeFiles/cmTC_df71a.dir/build.make CMakeFiles/cmTC_df71a.dir/build
gmake[1]: Entering directory '/home/userland/v1/v2/sandbox/CMakeFiles/CMakeTmp'
Building C object CMakeFiles/cmTC_df71a.dir/src.c.o
/usr/bin/cc   -DFLAG_SUPPORTED_Wno_alloc_size_larger_than -o CMakeFiles/cmTC_df71a.dir/src.c.o -c /home/userland/v1/v2/sandbox/CMakeFiles/CMakeTmp/src.c
Linking C executable cmTC_df71a
/usr/bin/cmake -E cmake_link_script CMakeFiles/cmTC_df71a.dir/link.txt --verbose=1
/usr/bin/cc  -DFLAG_SUPPORTED_Wno_alloc_size_larger_than -Wno-alloc-size-larger-than CMakeFiles/cmTC_df71a.dir/src.c.o -o cmTC_df71a 
gmake[1]: Leaving directory '/home/userland/v1/v2/sandbox/CMakeFiles/CMakeTmp'


Source file was:
int main() { return 0; }
Performing C SOURCE FILE Test DEFINE_FORTIFY_SOURCE succeeded with the following output:
Change Dir: /home/userland/v1/v2/sandbox/CMakeFiles/CMakeTmp

Run Build Command(s):/usr/bin/gmake cmTC_1665f/fast && /usr/bin/gmake  -f CMakeFiles/cmTC_1665f.dir/build.make CMakeFiles/cmTC_1665f.dir/build
gmake[1]: Entering directory '/home/userland/v1/v2/sandbox/CMakeFiles/CMakeTmp'
Building C object CMakeFiles/cmTC_1665f.dir/src.c.o
/usr/bin/cc -D_FORTIFY_SOURCE=2  -DDEFINE_FORTIFY_SOURCE   -O2 -Wp,-Werror -o CMakeFiles/cmTC_1665f.dir/src.c.o -c /home/userland/v1/v2/sandbox/CMakeFiles/CMakeTmp/src.c
Linking C executable cmTC_1665f
/usr/bin/cmake -E cmake_link_script CMakeFiles/cmTC_1665f.dir/link.txt --verbose=1
/usr/bin/cc  -DDEFINE_FORTIFY_SOURCE CMakeFiles/cmTC_1665f.dir/src.c.o -o cmTC_1665f 
gmake[1]: Leaving directory '/home/userland/v1/v2/sandbox/CMakeFiles/CMakeTmp'


Source file was:
int main(void) { return 0; }
Determining if the include file pthread.h exists passed with the following output:
Change Dir: /home/userland/v1/v2/sandbox/CMakeFiles/CMakeTmp

Run Build Command(s):/usr/bin/gmake cmTC_52a56/fast && /usr/bin/gmake  -f CMakeFiles/cmTC_52a56.dir/build.make CMakeFiles/cmTC_52a56.dir/build
gmake[1]: Entering directory '/home/userland/v1/v2/sandbox/CMakeFiles/CMakeTmp'
Building C object CMakeFiles/cmTC_52a56.dir/CheckIncludeFile.c.o
/usr/bin/cc    -o CMakeFiles/cmTC_52a56.dir/CheckIncludeFile.c.o -c /home/userland/v1/v2/sandbox/CMakeFiles/CMakeTmp/CheckIncludeFile.c
Linking C executable cmTC_52a56
/usr/bin/cmake -E cmake_link_script CMakeFiles/cmTC_52a56.dir/link.txt --verbose=1
/usr/bin/cc CMakeFiles/cmTC_52a56.dir/CheckIncludeFile.c.o -o cmTC_52a56 
gmake[1]: Leaving directory '/home/userland/v1/v2/sandbox/CMakeFiles/CMakeTmp'



